

              __  __    ____    _         ____     _____   
      /\     |  \/  |  / __ \  | |       / __ \   / ____|  
     /  \    | \  / | | |  | | | |      | |  | | | |       
    / /\ \   | |\/| | | |  | | | |      | |  | | | |       
   / ____ \  | |  | | | |__| | | |____  | |__| | | |____   
  /_/    \_\ |_|  |_|  \____/  |______|  \___\_\  \_____|  


 Atoms and Molecules with Quantum Monte Carlo -- electron structure code

 initial version:
  Arne Luechow, Penn State University, 2/1996

 main author:
  Arne Luechow, RWTH Aachen University, 52056 Aachen, Germany

 with contributions from:
  Sebastian Manten, Christian Diedrich, Annika Bande, Tony Scott,
  Rene Petz, Raphael Berner, Alexander Sturm, Kaveh Haghighi Mood


 version 6.5-dev-20150318    


 run started on  at Thu Sep 27 11:30:29 2018 on    1 processor(s)
 using path: /Users/luechow/Projekte/Eqmc/amolqc65dev

 =======>      $gen - initializing RNG and setting general parameters       <=======

 seed =    101     verbose level = 2

 =======>      $wf - wave function      <=======

 wave function settings:
    with BLAS/LAPACK      
    cusp-corrected splines for contracted GTOs

 using sequential AO and MO mode 

 wave function ../../wavefunction/f2-sm220.wf with: 
           title =F2
           basis =      QZ4PAE       MO format =         gau         jastrow =   ic       
          charge =     0                  spin =     1                 coord =  angstrom  
  atomic_charges =      F      same_atoms =      F    no_H_jastrow =      F

  geometry (in angstrom):
F    0.00000   0.00000   0.70600
F    0.00000   0.00000  -0.70600


 basis set:
 basis name: QZ4PAE.abs
 different basis functions  =   32
 individual basis functions =  104

 basis read ...


 calculation with   18 electrons
   9 alpha and    9 beta

 Jastrow factor of type ic read with:
  Schmidt-Moskowitz radial function
   1 ee terms,    1 en terms,    0 een terms
  Jastrow factor read ...

 AO/MO evaluation carried out using aocalc and mocalc.

  MOs read ...
  CSFs read ...

 =======>      $sample - creating or modifying the walker sample      <=======

 creating new sample

 created initial random sample using atom densities
 sample size:            1
  E   =    -197.9313


 wall clock time for   sample :               0.00 s
 cpu time (master) for sample :               0.00 s



 =======>      $qmc - running a qmc calculation      <=======


   * * *  VMC calculation  * * *

    QMC parameters:

                 tau =     0.01540             adapt tau =           T
        total walker =           1          local walker =           1
               steps =         300               discard =         300
           block_len =         100          walker_block =           1
         step_stride =          10
 target accept ratio =     0.50000
               E_ref =     0.00000                  wfac =     1.00000
        E_loc_cutoff =           F                factor =     1.00000
        kill_persist =           F           max_persist =           0
        load balance =           F                branch =           F
      future walking =           F       pop ctrl = global
              Reconf =           F             RcfMethod =           1
          accumulate =           F

    propagator parameters:

              weight =        none                  move =     Umrigar
            moveType =         all
                 tau =     0.01540            drift_scal =     1.00000
             AR step =           T             rej_cross =           F
     expon. sampling =           T


             step       size              <E>                   <V>     AR 
 --------------------------------------------------------------------------
            100         1      -197.35530 +/-   0.29609     8.679   0.470
            200         1      -200.27261 +/-   0.20253     4.061   0.560
            300         1      -198.20314 +/-   0.24539     5.961   0.620

 qmc: Emean =      -198.20314 var =         5.96119

 wall clock time for   qmc :               0.02 s
 cpu time (master) for qmc :               0.02 s



 =======>      $qmc - running a qmc calculation      <=======


   * * *  VMC calculation  * * *

    QMC parameters:

                 tau =     0.01540             adapt tau =           T
        total walker =           1          local walker =           1
               steps =        1000               discard =           0
           block_len =         100          walker_block =           1
         step_stride =          10
 target accept ratio =     0.50000
               E_ref =     0.00000                  wfac =     1.00000
        E_loc_cutoff =           F                factor =     1.00000
        kill_persist =           F           max_persist =           0
        load balance =           F                branch =           F
      future walking =           F       pop ctrl = global
              Reconf =           F             RcfMethod =           1
          accumulate =           F

    propagator parameters:

              weight =        none                  move =     Umrigar
            moveType =         all
                 tau =     0.01540            drift_scal =     1.00000
             AR step =           T             rej_cross =           F
     expon. sampling =           T


             step       size              <E>                   <V>     AR 
 --------------------------------------------------------------------------
            100         1      -199.28233 +/-   0.28064     7.797   0.560
            200         1      -198.77933 +/-   0.16549     2.711   0.540
            300         1      -200.23240 +/-   0.22660     5.083   0.660
            400         1      -199.96581 +/-   0.18264     3.302   0.720
            500         1      -199.44846 +/-   0.22383     4.960   0.590
            600         1      -199.10416 +/-   0.30429     9.167   0.550
            700         1      -200.06169 +/-   0.22802     5.147   0.470
            800         1      -199.29351 +/-   0.25573     6.474   0.590
            900         1      -199.53673 +/-   0.24433     5.910   0.500
           1000         1      -198.11040 +/-   0.25645     6.511   0.530


  FINAL RESULT:
 total energy                 =    -199.38148 +/- 0.20082 E_h
 block average energy         =    -199.38148 E_h
 variance (of wave function)  =       6.06924 E_h^2
 N_corr (<5%)                 =       3.8
 N_corr (global)              =       6.0

 WARNING: stddev and global N_corr may be unreliable
  (number of blocks not discarded < 20)

 WARNING: stddev and global N_corr may be unreliable
  (steps < 20*N_corr)

 wall clock time for   qmc :               0.07 s
 cpu time (master) for qmc :               0.07 s



 =======>      $save_results - storing current results      <=======


 =======>      $print_results - printing stored results      <=======


table of results:

   i          E            stddev           var
 -------------------------------------------------------
    1     -199.38148        0.20082          6.069
-------------------------------------------------------



 wall clock time for run         :   0d 00:00:00.098
 total cpu time for run (core-h) :            0.0000
 cpu time per mpi process (h)    :            0.0000

Amolqc run finished on Thu Sep 27 11:30:29 2018  

Bye!


