

              __  __    ____    _         ____     _____   
      /\     |  \/  |  / __ \  | |       / __ \   / ____|  
     /  \    | \  / | | |  | | | |      | |  | | | |       
    / /\ \   | |\/| | | |  | | | |      | |  | | | |       
   / ____ \  | |  | | | |__| | | |____  | |__| | | |____   
  /_/    \_\ |_|  |_|  \____/  |______|  \___\_\  \_____|  


 Atoms and Molecules with Quantum Monte Carlo -- electron structure code

 initial version:
  Arne Luechow, Penn State University, 2/1996

 main author:
  Arne Luechow, RWTH Aachen University, 52056 Aachen, Germany

 with contributions from:
  Sebastian Manten, Christian Diedrich, Annika Bande, Tony Scott,
  Rene Petz, Raphael Berner, Alexander Sturm, Kaveh Haghighi Mood


 version 2018-04-15 7314a67  (HEAD, tag: version-6.7-dev)            


 run started on tcrocks.pc.rwth-aachen.de at Sat Sep 29 11:45:30 2018 on    1 processor(s)
 using path: /home/luechow/Projekte/Eqmc/amolqc_test/amolqc67dev

 =======>      $gen - initializing RNG and setting general parameters       <=======

 seed =    101     verbose level = 2

 =======>      $wf - wave function      <=======

 wave function settings:
    with BLAS/LAPACK      
    cusp-corrected splines for contracted GTOs

 using sequential AO and MO mode 
 
 wave function ../../wavefunction/C2CAS44.wf with: 
           title =No
           basis =       TZPAE       MO format =         gms         jastrow =   sm3      
          charge =     0                  spin =     1                 coord =  angstrom  
  atomic_charges =      F      same_atoms =      F    no_H_jastrow =      F
 
  geometry (in angstrom):
C    0.00000   0.00000  -0.62128
C    0.00000   0.00000   0.62128
 

 basis set:
 basis name: TZPAE.abs
 different basis functions  =   18
 individual basis functions =   40

 basis read ...


 calculation with   12 electrons
   6 alpha and    6 beta

 Jastrow factor of type sm3 read with:
    9 generic Schmidt-Moskowitz terms of type sm3
  Jastrow factor read ...
 
 AO/MO evaluation carried out using aocalc and mocalc.
 
  MOs read ...
 
    NCSFs =     6 Ndets =    16
    6 unique alpha and    6 unique beta determinants
                          are going to be calculated.
 
  CSFs read ...

 =======>      $sample - creating or modifying the walker sample      <=======

 creating new sample

 created initial random sample using atom densities
 sample size (all nodes):            1
 <E>_allnodes =     -76.4186 +/-       0.0000 V_allnodes =       0.0000
 

 wall clock time for   sample :               0.00 s
 cpu time (master) for sample :               0.00 s



 =======>      $qmc - running a qmc calculation      <=======


   * * *  VMC calculation  * * *

    QMC parameters:

                 tau =     0.02310             adapt tau =           T
        total walker =           1          local walker =           1
               steps =         300               discard =         300
           block_len =         100          walker_block =           1
         step_stride =          10
 target accept ratio =     0.50000
               E_ref =     0.00000                  wfac =     1.00000
        E_loc_cutoff =           F                factor =     1.00000
        kill_persist =           F           max_persist =           0
        load balance =           F                branch =           F
      future walking =           F       pop ctrl = global
              Reconf =           F             RcfMethod =           1
          accumulate =           F
 
    propagator parameters:

              weight =        none                  move =     Umrigar
            moveType =         all
                 tau =     0.02310            drift_scal =     1.00000
             AR step =           T             rej_cross =           F
     expon. sampling =           T
 

             step       size              <E>                   <V>     AR 
 --------------------------------------------------------------------------
            100         1       -75.85607 +/-   0.16831     2.804   0.700
            200         1       -75.62344 +/-   0.11100     1.220   0.750
            300         1       -76.03436 +/-   0.12321     1.503   0.740

 qmc: Emean =       -76.03436 var =         1.50300

 wall clock time for   qmc :               0.01 s
 cpu time (master) for qmc :               0.01 s



 =======>      $qmc - running a qmc calculation      <=======


   * * *  VMC calculation  * * *

    QMC parameters:

                 tau =     0.02310             adapt tau =           T
        total walker =           1          local walker =           1
               steps =        6991               discard =           1
           block_len =         100          walker_block =           1
         step_stride =          10
 target accept ratio =     0.50000
               E_ref =     0.00000                  wfac =     1.00000
        E_loc_cutoff =           F                factor =     1.00000
        kill_persist =           F           max_persist =           0
        load balance =           F                branch =           F
      future walking =           F       pop ctrl = global
              Reconf =           F             RcfMethod =           1
          accumulate =           T
 
    propagator parameters:

              weight =        none                  move =     Umrigar
            moveType =         all
                 tau =     0.02310            drift_scal =     1.00000
             AR step =           T             rej_cross =           F
     expon. sampling =           T
 

             step       size              <E>                   <V>     AR 
 --------------------------------------------------------------------------
            100         1       -75.44351 +/-   0.11956     1.415   0.760
            200         1       -75.67825 +/-   0.14032     1.949   0.770
            300         1       -75.85810 +/-   0.09378     0.871   0.770
            400         1       -76.28703 +/-   0.12276     1.492   0.730
            500         1       -75.76359 +/-   0.11617     1.336   0.800
            600         1       -75.61065 +/-   0.13244     1.737   0.710
            700         1       -75.90205 +/-   0.10609     1.114   0.630
            800         1       -75.70268 +/-   0.14433     2.062   0.620
            900         1       -75.64539 +/-   0.16644     2.743   0.700
           1000         1       -76.00363 +/-   0.14458     2.070   0.660
           1100         1       -75.63068 +/-   0.13099     1.699   0.550
           1200         1       -75.70730 +/-   0.17647     3.083   0.630
           1300         1       -75.73615 +/-   0.15655     2.426   0.500
           1400         1       -75.91520 +/-   0.10340     1.059   0.530
           1500         1       -75.90664 +/-   0.15048     2.242   0.570
           1600         1       -75.83532 +/-   0.11469     1.302   0.540
           1700         1       -75.67025 +/-   0.13227     1.732   0.520
           1800         1       -75.48002 +/-   0.13349     1.764   0.650
           1900         1       -75.87232 +/-   0.13541     1.815   0.510
           2000         1       -75.63169 +/-   0.14500     2.081   0.590
           2100         1       -76.01790 +/-   0.11805     1.380   0.370
           2200         1       -75.94805 +/-   0.11162     1.233   0.450
           2300         1       -75.46066 +/-   0.11227     1.248   0.510
           2400         1       -75.83828 +/-   0.11233     1.249   0.510
           2500         1       -75.60743 +/-   0.14835     2.179   0.570
           2600         1       -76.21930 +/-   0.13522     1.810   0.630
           2700         1       -76.07540 +/-   0.11620     1.337   0.560
           2800         1       -75.80242 +/-   0.13719     1.863   0.560
           2900         1       -75.76762 +/-   0.12739     1.607   0.540
           3000         1       -75.62520 +/-   0.14202     1.997   0.560
           3100         1       -75.90332 +/-   0.14045     1.953   0.600
           3200         1       -75.79345 +/-   0.12194     1.472   0.450
           3300         1       -76.17736 +/-   0.13232     1.733   0.330
           3400         1       -76.02658 +/-   0.09418     0.878   0.520
           3500         1       -75.97540 +/-   0.12933     1.656   0.480
           3600         1       -75.54844 +/-   0.19014     3.579   0.530
           3700         1       -75.72202 +/-   0.12255     1.487   0.440
           3800         1       -75.64616 +/-   0.11990     1.423   0.370
           3900         1       -75.95448 +/-   0.11632     1.340   0.520
           4000         1       -75.91060 +/-   0.12489     1.544   0.620
           4100         1       -75.70056 +/-   0.12309     1.500   0.330
           4200         1       -75.63868 +/-   0.11258     1.255   0.380
           4300         1       -75.74920 +/-   0.14338     2.035   0.460
           4400         1       -75.71170 +/-   0.16040     2.547   0.530
           4500         1       -75.76354 +/-   0.11728     1.362   0.560
           4600         1       -75.67349 +/-   0.13780     1.880   0.460
           4700         1       -75.95033 +/-   0.13335     1.761   0.550
           4800         1       -75.78051 +/-   0.14484     2.077   0.520
           4900         1       -76.51696 +/-   0.27314     7.386   0.460
           5000         1       -75.97257 +/-   0.10329     1.056   0.540
           5100         1       -76.14357 +/-   0.13311     1.754   0.520
           5200         1       -75.43331 +/-   0.17103     2.896   0.460
           5300         1       -75.52789 +/-   0.13659     1.847   0.400
           5400         1       -75.94570 +/-   0.10734     1.141   0.520
           5500         1       -75.19557 +/-   0.12284     1.494   0.510
           5600         1       -76.14970 +/-   0.14783     2.164   0.580
           5700         1       -75.55040 +/-   0.14126     1.975   0.390
           5800         1       -75.56616 +/-   0.14027     1.948   0.510
           5900         1       -75.86887 +/-   0.12711     1.599   0.550
           6000         1       -75.76958 +/-   0.14216     2.001   0.620
           6100         1       -75.43223 +/-   0.21293     4.489   0.500
           6200         1       -75.75355 +/-   0.08347     0.690   0.450
           6300         1       -75.84302 +/-   0.11207     1.243   0.460
           6400         1       -75.76474 +/-   0.10927     1.182   0.480
           6500         1       -75.44646 +/-   0.11195     1.241   0.520
           6600         1       -75.69800 +/-   0.14197     1.995   0.460
           6700         1       -76.45092 +/-   0.21024     4.376   0.410
           6800         1       -76.03114 +/-   0.14139     1.979   0.450
           6900         1       -75.97125 +/-   0.20562     4.186   0.530


  FINAL RESULT:
 total energy                 =     -75.80145 +/- 0.02907 E_h
 block average energy         =     -75.80145 E_h
 variance (of wave function)  =       1.97077 E_h^2
 tau (adapted)                =        0.1562 fixed at step         4000
 N_corr (<5%)                 =       6.7
 N_corr (global)              =       2.9

 sample accumulation: new total sample size is          700

 wall clock time for   qmc :               0.25 s
 cpu time (master) for qmc :               0.27 s



 =======>      $sample - creating or modifying the walker sample      <=======

 removing outliers

  using trimmed mean (parallel version)
  parallel merge required:   1.0132790E-06  sec.
  trimmed mean =      -75.752  sigma =        0.791
      1 walkers will be deleted and not replaced
      0 processes attempted to exceed the limit of     105 deletions

  after outlier removal:
  final total walker size=     699 E_mean=      -75.75519 +/-    0.04861 var=           1.65

 wall clock time for   sample :               0.00 s
 cpu time (master) for sample :               0.00 s



 =======>      $optimize_parameters - optimizing wave function parameters      <=======

 initializing jastrow parameters with np=           8  ne=           12
 initializing ci parameters with np=           5

 orbital rotation settings:
    mo_update_mode  2 mo_param_mode=  2

 reading   6 classes of orbital rotations
 initializing orbital rotation parameters with np=          40
 params = jas+mo+ci    method = eminlin    param mode=  1

   - -  energy minimization using linear method: initialization  - -

  starting wf parameter optimization with optType=jas+mo+ci
 with Emean=      -75.75519 +/-      0.04857 var=       1.649 size=       699
 Difference to projection: Delta E=      -75.75519 Delta var =       1.649

 sample Emean and var for lowest ev:
    1      -75.87553        2.88832
    2      -74.03649     1983.88402
    3     -130.28437  2083384.10883
    4      -70.71445    10718.37439
    5     -115.91788   723842.81316
best ev   1 with E=      -75.87553 var=      2.89 d=        0.11440
cffac=        0.05000
 lambda=1.0 with cf=        1.01994
    1: lambda=      0.02 Emean =      -75.78498 var =         1.59566 cf =         0.86476
    2: lambda=      0.10 Emean =      -75.78687 var =         1.54943 cf =         0.86434
    3: lambda=      0.30 Emean =      -75.79209 var =         1.47475 cf =         0.86583
    4: lambda=      0.50 Emean =      -75.79724 var =         1.46263 cf =         0.87037
    5: lambda=      0.70 Emean =      -75.76947 var =         3.07303 cf =         0.92312
 choosing min cost function: lambda=      0.10

 final parameter set ev  1 lambda=      0.10
  new parameter vector:
 -0.4308      0.9011E-01  0.1854      0.6308E-01  0.5616E-01 -0.2396     -0.5067      0.1882     -0.2349E-02 -0.2607E-02
  0.3336E-03 -0.1395E-03  0.6825E-03  0.1459E-02 -0.1316E-03 -0.1204E-01 -0.8663E-02  0.6371E-02  0.1837E-02  0.5921E-03
 -0.3404E-02  0.5612E-04  0.8782E-03 -0.8011E-03 -0.3166E-03  0.8330E-03 -0.3474E-03 -0.5495E-03  0.2680E-03  0.2932E-01
  0.6313E-02  0.1748E-01  0.1141E-02  0.2695E-02  0.6724E-03 -0.4177E-03 -0.1676E-01  0.1160E-02 -0.8338E-02 -0.1499E-01
  0.2861E-02 -0.6367E-02 -0.8709E-01  0.5872E-02  0.4701E-02 -0.4976E-01  0.2681E-01 -0.2935E-01  0.6645E-01  0.5359E-01
  0.7648E-01  0.3586E-01 -0.9828E-01
 with projected Emean=      -75.78687 +/-      0.04857 var=       1.549 size=       699
 
 ci coefficients are normalized
 

 ================>     calling subroutine aeq

 =======>      $sample - creating or modifying the walker sample      <=======

 changing size of sample
 sample size has been reduced by     698 to       1 walkers per node
 

 wall clock time for   sample :               0.00 s
 cpu time (master) for sample :               0.00 s



 =======>      $qmc - running a qmc calculation      <=======


             step       size              <E>                   <V>     AR 
 --------------------------------------------------------------------------
            100         1       -75.74322 +/-   0.11968     1.418   0.570
            200         1       -75.84092 +/-   0.14197     1.995   0.580
            300         1       -76.04820 +/-   0.18245     3.295   0.560

 qmc: Emean =       -76.04820 var =         3.29548

 wall clock time for   qmc :               0.01 s
 cpu time (master) for qmc :               0.01 s



 =======>      $qmc - running a qmc calculation      <=======


             step       size              <E>                   <V>     AR 
 --------------------------------------------------------------------------
            100         1       -75.65552 +/-   0.22429     4.980   0.400
            200         1       -76.04440 +/-   0.11548     1.320   0.420
            300         1       -75.90472 +/-   0.09930     0.976   0.440
            400         1       -76.10179 +/-   0.11821     1.383   0.450
            500         1       -75.80147 +/-   0.14735     2.150   0.540
            600         1       -75.70256 +/-   0.14235     2.006   0.460
            700         1       -75.94966 +/-   0.13640     1.842   0.550
            800         1       -75.15252 +/-   0.10159     1.022   0.400
            900         1       -75.26940 +/-   0.15835     2.482   0.330
           1000         1       -75.53431 +/-   0.11745     1.366   0.560
           1100         1       -75.01388 +/-   0.10803     1.155   0.380
           1200         1       -75.26043 +/-   0.14136     1.978   0.450
           1300         1       -75.68792 +/-   0.12878     1.642   0.520
           1400         1       -75.80976 +/-   0.12905     1.649   0.580
           1500         1       -75.02058 +/-   0.12233     1.481   0.400
           1600         1       -75.69090 +/-   0.13540     1.815   0.540
           1700         1       -76.04039 +/-   0.12476     1.541   0.570
           1800         1       -76.06990 +/-   0.13346     1.763   0.400
           1900         1       -75.60820 +/-   0.12207     1.475   0.470
           2000         1       -75.54633 +/-   0.13384     1.773   0.650
           2100         1       -75.54253 +/-   0.14123     1.975   0.440
           2200         1       -75.67040 +/-   0.13872     1.905   0.630
           2300         1       -75.81060 +/-   0.08967     0.796   0.500
           2400         1       -75.75593 +/-   0.12773     1.615   0.600
           2500         1       -75.47007 +/-   0.17090     2.891   0.470
           2600         1       -75.83180 +/-   0.14356     2.040   0.470
           2700         1       -76.14170 +/-   0.15722     2.447   0.550
           2800         1       -75.05479 +/-   0.14587     2.107   0.600
           2900         1       -75.56693 +/-   0.12957     1.662   0.540
           3000         1       -75.78318 +/-   0.11406     1.288   0.480
           3100         1       -76.00469 +/-   0.17916     3.178   0.480
           3200         1       -75.25388 +/-   0.15017     2.232   0.430
           3300         1       -75.38382 +/-   0.13117     1.703   0.480
           3400         1       -75.57886 +/-   0.11119     1.224   0.500
           3500         1       -75.61783 +/-   0.11851     1.391   0.540
           3600         1       -75.50432 +/-   0.13713     1.862   0.460
           3700         1       -75.56150 +/-   0.12869     1.640   0.500
           3800         1       -75.63833 +/-   0.13495     1.803   0.600
           3900         1       -75.54307 +/-   0.15885     2.498   0.660
           4000         1       -75.75579 +/-   0.15034     2.238   0.460
           4100         1       -75.18369 +/-   0.15786     2.467   0.540
           4200         1       -75.61414 +/-   0.11724     1.361   0.600
           4300         1       -75.73696 +/-   0.14141     1.980   0.590
           4400         1       -75.89321 +/-   0.13735     1.868   0.570
           4500         1       -75.80339 +/-   0.11457     1.300   0.540
           4600         1       -75.26450 +/-   0.13181     1.720   0.450
           4700         1       -75.32989 +/-   0.12354     1.511   0.290
           4800         1       -75.36004 +/-   0.13270     1.743   0.510
           4900         1       -76.28681 +/-   0.14930     2.207   0.540


  FINAL RESULT:
 total energy                 =     -75.62872 +/- 0.04346 E_h
 block average energy         =     -75.62872 E_h
 variance (of wave function)  =       1.93658 E_h^2
 N_corr (<5%)                 =       8.0
 N_corr (global)              =       4.7

 sample accumulation: new total sample size is          500

 wall clock time for   qmc :               0.18 s
 cpu time (master) for qmc :               0.19 s



 =======>      $save_results - storing current results      <=======


 =======>      $sample - creating or modifying the walker sample      <=======

 removing outliers

  using trimmed mean (parallel version)
  parallel merge required:   1.0132790E-06  sec.
  trimmed mean =      -75.521  sigma =        0.896
      0 walkers will be deleted and not replaced
      0 processes attempted to exceed the limit of      75 deletions

  after outlier removal:
  final total walker size=     500 E_mean=      -75.54258 +/-    0.06305 var=           1.98

 wall clock time for   sample :               0.00 s
 cpu time (master) for sample :               0.00 s



 =============>    end subroutine aeq

 with Emean=      -75.54258 +/-      0.06299 var=       1.984 size=       500
 Difference to projection: Delta E=        0.24429 Delta var =       0.434

 sample Emean and var for lowest ev:
    1      -72.31911     5238.27353
    2      -75.59238       14.67889
    3      -73.85380     7786.59586
    4      -71.96327     2233.29015
    5      -88.32517    17386.80776
best ev   2 with E=      -75.59238 var=     14.68 d=        0.13148
cffac=        0.05000
 lambda=1.0 with cf=        1.32632
    1: lambda=      0.02 Emean =      -75.60108 var =         1.90881 cf =         0.69652
    2: lambda=      0.10 Emean =      -75.55068 var =         2.98520 cf =         0.69994
    3: lambda=      0.30 Emean =      -75.70675 var =         6.22691 cf =         1.01809
    4: lambda=      0.50 Emean =      -75.49596 var =         3.52818 cf =         0.67237
    5: lambda=      0.70 Emean =      -75.43200 var =         3.79918 cf =         0.62196
 choosing min cost function: lambda=      0.70

 final parameter set ev  2 lambda=      0.70
  new parameter vector:
 -0.7024      0.1727     -0.1402      0.8846E-01  0.4155     -0.4556      -1.065      0.4672     -0.9903E-02  0.3010E-02
  0.7180E-02 -0.9243E-02 -0.6187E-02  0.4931E-03  0.3741E-02 -0.7911E-01 -0.9355E-01  0.1608      0.1043E-01  0.2887E-02
 -0.4579E-01 -0.2046E-03 -0.3582E-02  0.8876E-02 -0.2772E-01  0.7050E-02 -0.4062E-02 -0.4292E-02 -0.5556E-02  0.1596    
  0.2519E-01  0.1666      0.6995E-02  0.1803E-01  0.2940E-01 -0.2789E-02 -0.9028E-01  0.8611E-02 -0.7815E-01 -0.1899    
  0.1918E-01 -0.4971E-01  0.6675E-01 -0.3361E-01 -0.6525E-01 -0.7569     -0.3523E-01  0.4058E-01 -0.3672E-01  0.1250E-01
 -0.1888      0.1388      0.6360E-01
 with projected Emean=      -75.43200 +/-      0.06299 var=       3.799 size=       500
 
 ci coefficients are normalized
 

 wall clock time for   optimize_parameters :               0.84 s
 cpu time (master) for optimize_parameters :               0.90 s



 =======>      $sample - creating or modifying the walker sample      <=======

 changing size of sample
 sample size has been reduced by     499 to       1 walkers per node
 

 wall clock time for   sample :               0.00 s
 cpu time (master) for sample :               0.00 s



 =======>      $qmc - running a qmc calculation      <=======


   * * *  VMC calculation  * * *

    QMC parameters:

                 tau =     0.18264             adapt tau =           T
        total walker =           1          local walker =           1
               steps =         300               discard =         300
           block_len =         100          walker_block =           1
         step_stride =          10
 target accept ratio =     0.50000
               E_ref =     0.00000                  wfac =     1.00000
        E_loc_cutoff =           F                factor =     1.00000
        kill_persist =           F           max_persist =           0
        load balance =           F                branch =           F
      future walking =           F       pop ctrl = global
              Reconf =           F             RcfMethod =           1
          accumulate =           F
 
    propagator parameters:

              weight =        none                  move =     Umrigar
            moveType =         all
                 tau =     0.18264            drift_scal =     1.00000
             AR step =           T             rej_cross =           F
     expon. sampling =           T
 

             step       size              <E>                   <V>     AR 
 --------------------------------------------------------------------------
            100         1       -75.55367 +/-   0.16357     2.649   0.530
            200         1       -75.35036 +/-   0.19113     3.617   0.490
            300         1       -75.95487 +/-   0.13127     1.706   0.420

 qmc: Emean =       -75.95487 var =         1.70587

 wall clock time for   qmc :               0.01 s
 cpu time (master) for qmc :               0.01 s



 =======>      $qmc - running a qmc calculation      <=======


   * * *  VMC calculation  * * *

    QMC parameters:

                 tau =     0.18264             adapt tau =           T
        total walker =           1          local walker =           1
               steps =        4991               discard =           1
           block_len =         100          walker_block =           1
         step_stride =          10
 target accept ratio =     0.50000
               E_ref =     0.00000                  wfac =     1.00000
        E_loc_cutoff =           F                factor =     1.00000
        kill_persist =           F           max_persist =           0
        load balance =           F                branch =           F
      future walking =           F       pop ctrl = global
              Reconf =           F             RcfMethod =           1
          accumulate =           T
 
    propagator parameters:

              weight =        none                  move =     Umrigar
            moveType =         all
                 tau =     0.18264            drift_scal =     1.00000
             AR step =           T             rej_cross =           F
     expon. sampling =           T
 

             step       size              <E>                   <V>     AR 
 --------------------------------------------------------------------------
            100         1       -75.74014 +/-   0.25446     6.410   0.590
            200         1       -75.33826 +/-   0.12330     1.505   0.540
            300         1       -75.27624 +/-   0.13086     1.695   0.440
            400         1       -75.31245 +/-   0.11165     1.234   0.560
            500         1       -76.01534 +/-   0.13761     1.875   0.470
            600         1       -75.53365 +/-   0.14012     1.944   0.350
            700         1       -75.53099 +/-   0.13136     1.708   0.440
            800         1       -75.11988 +/-   0.25836     6.608   0.430
            900         1       -75.42732 +/-   0.12529     1.554   0.430
           1000         1       -75.27826 +/-   0.13501     1.804   0.460
           1100         1       -75.40909 +/-   0.15386     2.344   0.420
           1200         1       -75.40530 +/-   0.10267     1.044   0.400
           1300         1       -75.35650 +/-   0.12941     1.658   0.540
           1400         1       -75.45907 +/-   0.17952     3.190   0.450
           1500         1       -75.75593 +/-   0.12700     1.597   0.570
           1600         1       -75.09098 +/-   0.13961     1.930   0.390
           1700         1       -76.02704 +/-   0.14894     2.196   0.550
           1800         1       -75.40277 +/-   0.15396     2.347   0.620
           1900         1       -75.50305 +/-   0.13840     1.896   0.440
           2000         1       -75.72490 +/-   0.12275     1.492   0.530
           2100         1       -75.63860 +/-   0.15844     2.485   0.530
           2200         1       -75.61030 +/-   0.12858     1.637   0.620
           2300         1       -75.18370 +/-   0.13020     1.678   0.440
           2400         1       -75.30281 +/-   0.12598     1.571   0.550
           2500         1       -76.64570 +/-   0.45463    20.462   0.570
           2600         1       -75.75240 +/-   0.10860     1.168   0.550
           2700         1       -75.35086 +/-   0.13134     1.708   0.520
           2800         1       -75.40139 +/-   0.14090     1.966   0.510
           2900         1       -75.78599 +/-   0.16086     2.562   0.510
           3000         1       -75.70156 +/-   0.19972     3.949   0.570
           3100         1       -75.86403 +/-   0.23756     5.587   0.520
           3200         1       -75.87419 +/-   0.16356     2.649   0.530
           3300         1       -75.59389 +/-   0.14753     2.155   0.530
           3400         1       -75.02935 +/-   0.17963     3.194   0.530
           3500         1       -74.98385 +/-   0.14633     2.120   0.440
           3600         1       -76.43886 +/-   0.20440     4.136   0.510
           3700         1       -75.33093 +/-   0.18094     3.241   0.620
           3800         1       -75.74641 +/-   0.14911     2.201   0.530
           3900         1       -75.59642 +/-   0.12541     1.557   0.590
           4000         1       -74.89118 +/-   0.17065     2.883   0.430
           4100         1       -75.52399 +/-   0.16304     2.632   0.550
           4200         1       -75.37546 +/-   0.15500     2.378   0.580
           4300         1       -75.48713 +/-   0.18603     3.426   0.470
           4400         1       -75.87911 +/-   0.16541     2.709   0.560
           4500         1       -74.77294 +/-   0.12395     1.521   0.590
           4600         1       -75.95972 +/-   0.19782     3.874   0.560
           4700         1       -75.56977 +/-   0.13325     1.758   0.610
           4800         1       -74.71039 +/-   0.11101     1.220   0.480
           4900         1       -74.23568 +/-   0.19986     3.954   0.500


  FINAL RESULT:
 total energy                 =     -75.48865 +/- 0.05900 E_h
 block average energy         =     -75.48865 E_h
 variance (of wave function)  =       2.99181 E_h^2
 tau (adapted)                =        0.1478 fixed at step         2000
 N_corr (<5%)                 >       500
 N_corr (global)              =       5.6

 WARNING: stddev and global N_corr may be unreliable
  (block_len < 20*N_corr)

 sample accumulation: new total sample size is          500

 wall clock time for   qmc :               0.18 s
 cpu time (master) for qmc :               0.19 s



 =======>      $save_results - storing current results      <=======


 =======>      $print_results - printing stored results      <=======


table of results:

   i          E            stddev           var
 -------------------------------------------------------
    1      -75.62872        0.04346          1.937
    2      -75.48865        0.05900          2.992
-------------------------------------------------------



 wall clock time for run         :   0d 00:00:01.297
 total cpu time for run (core-h) :            0.0004
 cpu time per mpi process (h)    :            0.0004

Amolqc run finished on Sat Sep 29 11:45:32 2018  

Bye!


