

              __  __    ____    _         ____     _____   
      /\     |  \/  |  / __ \  | |       / __ \   / ____|  
     /  \    | \  / | | |  | | | |      | |  | | | |       
    / /\ \   | |\/| | | |  | | | |      | |  | | | |       
   / ____ \  | |  | | | |__| | | |____  | |__| | | |____   
  /_/    \_\ |_|  |_|  \____/  |______|  \___\_\  \_____|  


 Atoms and Molecules with Quantum Monte Carlo -- electron structure code

 initial version:
  Arne Luechow, Penn State University, 2/1996

 main author:
  Arne Luechow, RWTH Aachen University, 52056 Aachen, Germany

 with contributions from:
  Sebastian Manten, Christian Diedrich, Annika Bande, Tony Scott,
  Rene Petz, Raphael Berner, Alexander Sturm, Kaveh Haghighi Mood


 version 2018-04-15 7314a67  (HEAD, tag: version-6.7-dev)            


 run started on tcrocks.pc.rwth-aachen.de at Thu Oct  4 18:18:21 2018 on    1 processor(s)
 using path: /home/luechow/Projekte/Eqmc/amolqc_test/amolqc67dev

 =======>      $gen - initializing RNG and setting general parameters       <=======

 seed =    101     verbose level = 2

 =======>      $wf - wave function      <=======

 wave function settings:
    with BLAS/LAPACK      
    splines for contracted GTOs (no cusp correction!)

 using sequential AO and MO mode 
 
 wave function ../../wavefunction/C2-cas44-ECP.wf with: 
           title =No
           basis =     BFD-VTZ       MO format =         gms         jastrow =   sm3      
          charge =     0                  spin =     1                 coord =  angstrom  
  atomic_charges =      F      same_atoms =      F    no_H_jastrow =      F
 
  geometry (in angstrom):
C    0.00000   0.00000  -0.62128
C    0.00000   0.00000   0.62128
 
  splining GTOs with         4000  points
 

 basis set:
 basis name: BFD-VTZ.abs
 different basis functions  =   18
 individual basis functions =   68

 spline_points =  4000
 basis read ...

  ECPs read from ECP library ...

           effective core potentials:
   atom   1: C 
 # core electrons =  2  l_core+1 = 1
   V_l = sum_k   a_lk * r^(n_lk - 2) * exp(-b_lk*r^2)
   l      a_lk      n_lk       b_lk
    1    4.000000    1    8.359738    
    1    33.43895    3    4.483619    
    1   -19.17537    2    3.938313    
    0    22.55164    2    5.029916    
   atom   2: C 
 # core electrons =  2  l_core+1 = 1
   V_l = sum_k   a_lk * r^(n_lk - 2) * exp(-b_lk*r^2)
   l      a_lk      n_lk       b_lk
    1    4.000000    1    8.359738    
    1    33.43895    3    4.483619    
    1   -19.17537    2    3.938313    
    0    22.55164    2    5.029916    

 calculation with    8 electrons
   4 alpha and    4 beta

 Jastrow factor of type sm3 read with:
    9 generic Schmidt-Moskowitz terms of type sm3
  Jastrow factor read ...
 
 AO/MO evaluation carried out using aocalc and mocalc.
 
  MOs read ...
 
    NCSFs =     6 Ndets =    16
    6 unique alpha and    6 unique beta determinants
                          are going to be calculated.
 
  CSFs read ...

 =======>      $ecp - effective core potential settings      <=======

 ecp parameters: full_localisation random_rotation full_cutoff

 cutoff threshold =         0.10000E-06

 pseudo atoms:
 idx  atom  grid points  cutoff distances (A) 
-------------------------------------------- 
   1    C          6         1.15426
   2    C          6         1.15426
 

 =======>      $sample - creating or modifying the walker sample      <=======

 creating new sample

 created initial random sample using atom densities
 sample size (all nodes):            1
 <E>_allnodes =     -14.4951 +/-       0.0000 V_allnodes =       0.0000
 

 wall clock time for   sample :               0.00 s
 cpu time (master) for sample :               0.00 s



 =======>      $qmc - running a qmc calculation      <=======


   * * *  VMC calculation  * * *

    QMC parameters:

                 tau =     0.03466             adapt tau =           T
        total walker =           1          local walker =           1
               steps =         300               discard =         300
           block_len =         100          walker_block =           1
         step_stride =          10
 target accept ratio =     0.50000
               E_ref =     0.00000                  wfac =     1.00000
        E_loc_cutoff =           F                factor =     1.00000
        kill_persist =           F           max_persist =           0
        load balance =           F                branch =           F
      future walking =           F       pop ctrl = global
              Reconf =           F             RcfMethod =           1
          accumulate =           F
 
    propagator parameters:

              weight =        none                  move =     Umrigar
            moveType =         all
                 tau =     0.03466            drift_scal =     1.00000
             AR step =           T             rej_cross =           F
     expon. sampling =           T
 

             step       size              <E>                   <V>     AR 
 --------------------------------------------------------------------------
            100         1       -10.89557 +/-   0.03589     0.127   0.950
            200         1       -10.98961 +/-   0.03031     0.091   0.800
            300         1       -11.11425 +/-   0.02769     0.076   0.900

 qmc: Emean =       -11.11425 var =         0.07591

 wall clock time for   qmc :               0.04 s
 cpu time (master) for qmc :               0.05 s



 =======>      $change_jastrow - changing Jastrow terms      <=======

 changing Jastrow type from sm3 to sm3

    9 generic Schmidt-Moskowitz terms of type sm3

 =======>      $qmc - running a qmc calculation      <=======


   * * *  VMC calculation  * * *

    QMC parameters:

                 tau =     0.03466             adapt tau =           T
        total walker =           1          local walker =           1
               steps =         300               discard =         300
           block_len =         100          walker_block =           1
         step_stride =          10
 target accept ratio =     0.50000
               E_ref =     0.00000                  wfac =     1.00000
        E_loc_cutoff =           F                factor =     1.00000
        kill_persist =           F           max_persist =           0
        load balance =           F                branch =           F
      future walking =           F       pop ctrl = global
              Reconf =           F             RcfMethod =           1
          accumulate =           F
 
    propagator parameters:

              weight =        none                  move =     Umrigar
            moveType =         all
                 tau =     0.03466            drift_scal =     1.00000
             AR step =           T             rej_cross =           F
     expon. sampling =           T
 

             step       size              <E>                   <V>     AR 
 --------------------------------------------------------------------------
            100         1       -10.78655 +/-   0.03022     0.090   0.920
            200         1       -10.96370 +/-   0.03618     0.130   0.930
            300         1       -11.33439 +/-   0.03196     0.101   0.890

 qmc: Emean =       -11.33439 var =         0.10113

 wall clock time for   qmc :               0.04 s
 cpu time (master) for qmc :               0.04 s



 =======>      $qmc - running a qmc calculation      <=======


   * * *  VMC calculation  * * *

    QMC parameters:

                 tau =     0.03466             adapt tau =           T
        total walker =           1          local walker =           1
               steps =        4991               discard =           1
           block_len =         100          walker_block =           1
         step_stride =          10
 target accept ratio =     0.50000
               E_ref =     0.00000                  wfac =     1.00000
        E_loc_cutoff =           F                factor =     1.00000
        kill_persist =           F           max_persist =           0
        load balance =           F                branch =           F
      future walking =           F       pop ctrl = global
              Reconf =           F             RcfMethod =           1
          accumulate =           T
 
    propagator parameters:

              weight =        none                  move =     Umrigar
            moveType =         all
                 tau =     0.03466            drift_scal =     1.00000
             AR step =           T             rej_cross =           F
     expon. sampling =           T
 

             step       size              <E>                   <V>     AR 
 --------------------------------------------------------------------------
            100         1       -11.12576 +/-   0.02033     0.041   0.940
            200         1       -10.96514 +/-   0.04646     0.214   0.920
            300         1       -10.95422 +/-   0.03594     0.128   0.950
            400         1       -10.96246 +/-   0.04059     0.163   0.940
            500         1       -11.21998 +/-   0.04933     0.241   0.990
            600         1       -10.99390 +/-   0.04266     0.180   0.250
            700         1       -11.08576 +/-   0.03403     0.115   0.160
            800         1       -11.12266 +/-   0.04405     0.192   0.220
            900         1       -10.96133 +/-   0.03333     0.110   0.190
           1000         1       -10.99779 +/-   0.06428     0.409   0.250
           1100         1       -10.83986 +/-   0.04446     0.196   0.480
           1200         1       -10.92038 +/-   0.03572     0.126   0.590
           1300         1       -10.97494 +/-   0.03788     0.142   0.490
           1400         1       -11.04561 +/-   0.06139     0.373   0.540
           1500         1       -10.96309 +/-   0.03592     0.128   0.580
           1600         1       -10.94890 +/-   0.05096     0.257   0.570
           1700         1       -10.94090 +/-   0.03487     0.120   0.510
           1800         1       -11.03147 +/-   0.05902     0.345   0.550
           1900         1       -10.98384 +/-   0.03139     0.098   0.520
           2000         1       -11.12187 +/-   0.02176     0.047   0.460
           2100         1       -10.81745 +/-   0.03782     0.142   0.420
           2200         1       -11.19331 +/-   0.05257     0.274   0.390
           2300         1       -10.98897 +/-   0.03578     0.127   0.470
           2400         1       -11.00775 +/-   0.03723     0.137   0.460
           2500         1       -11.08677 +/-   0.06351     0.399   0.490
           2600         1       -10.97807 +/-   0.03885     0.149   0.570
           2700         1       -10.96695 +/-   0.02315     0.053   0.570
           2800         1       -11.13467 +/-   0.05634     0.314   0.420
           2900         1       -11.17397 +/-   0.02928     0.085   0.450
           3000         1       -11.09949 +/-   0.03155     0.099   0.580
           3100         1       -10.94321 +/-   0.02742     0.074   0.550
           3200         1       -10.99472 +/-   0.04856     0.233   0.640
           3300         1       -10.97056 +/-   0.04702     0.219   0.450
           3400         1       -10.96351 +/-   0.03878     0.149   0.460
           3500         1       -11.01021 +/-   0.02764     0.076   0.520
           3600         1       -11.27728 +/-   0.06695     0.444   0.440
           3700         1       -10.92052 +/-   0.04493     0.200   0.520
           3800         1       -11.02480 +/-   0.04123     0.168   0.460
           3900         1       -11.04482 +/-   0.03985     0.157   0.410
           4000         1       -10.99253 +/-   0.03874     0.149   0.470
           4100         1       -10.81069 +/-   0.04165     0.172   0.560
           4200         1       -10.99165 +/-   0.04260     0.180   0.540
           4300         1       -10.92347 +/-   0.03189     0.101   0.450
           4400         1       -10.88917 +/-   0.05890     0.343   0.560
           4500         1       -10.96073 +/-   0.02739     0.074   0.480
           4600         1       -10.93978 +/-   0.03309     0.108   0.530
           4700         1       -10.94988 +/-   0.02723     0.073   0.400
           4800         1       -11.10617 +/-   0.03191     0.101   0.430
           4900         1       -11.03875 +/-   0.04733     0.222   0.470


  FINAL RESULT:
 total energy                 =     -11.00734 +/- 0.01387 E_h
 block average energy         =     -11.00734 E_h
 variance (of wave function)  =       0.18568 E_h^2
 N_corr (<5%)                 =     276.5
 N_corr (global)              =       5.0

 sample accumulation: new total sample size is          500

 wall clock time for   qmc :               0.68 s
 cpu time (master) for qmc :               0.74 s



 =======>      $sample - creating or modifying the walker sample      <=======

 removing outliers

  using trimmed mean (parallel version)
  parallel merge required:   0.0000000E+00  sec.
  trimmed mean =      -11.009  sigma =        0.198
      3 walkers will be deleted and not replaced
      0 processes attempted to exceed the limit of      75 deletions

  after outlier removal:
  final total walker size=     497 E_mean=      -11.00322 +/-    0.01882 var=           0.18

 wall clock time for   sample :               0.00 s
 cpu time (master) for sample :               0.00 s



 =======>      $optimize_parameters - optimizing wave function parameters      <=======

 initializing jastrow parameters with np=           8  ne=            8
 initializing ci parameters with np=           5

 orbital rotation settings:
    mo_update_mode  2 mo_param_mode=  2

 reading   6 classes of orbital rotations
 initializing orbital rotation parameters with np=          36
 params = jas+mo+ci    method = eminlin    param mode=  1

   - -  energy minimization using linear method: initialization  - -

  starting wf parameter optimization with optType=jas+mo+ci
 with Emean=      -11.00338 +/-      0.01886 var=       0.177 size=       497
 Difference to projection: Delta E=      -11.00338 Delta var =       0.177

 sample Emean and var for lowest ev:
    1      -11.02240        0.16893
    2     -139.91185    58631.12087
    3       37.50860  4074671.09803
    4******************************
    5     -258.44703   601306.93740
best ev   1 with E=      -11.02240 var=      0.17 d=        0.09497
cffac=        0.00500
 lambda=1.0 with cf=        0.47845
    1: lambda=      0.02 Emean =      -11.01798 var =         0.17582 cf =         0.48290
    2: lambda=      0.10 Emean =      -11.01744 var =         0.17179 cf =         0.48342
    3: lambda=      0.30 Emean =      -11.01564 var =         0.16485 cf =         0.48518
    4: lambda=      0.50 Emean =      -11.01613 var =         0.15958 cf =         0.48467
    5: lambda=      0.70 Emean =      -11.01700 var =         0.15984 cf =         0.48380
 choosing min cost function: lambda=      1.00

 final parameter set ev  1 lambda=      1.00
  new parameter vector:
 -0.9333       1.335     -0.9547      0.6474E-01  0.4625     -0.6708      -1.015      0.5379      0.6795E-01  0.4997E-02
 -0.9060E-03 -0.9054E-02 -0.6906E-02  0.9807E-03  0.6517E-02 -0.3878E-03 -0.4788E-01 -0.5511E-01  0.5494E-01  0.4334E-01
  0.2093E-01  0.1651E-02 -0.5936E-02  0.1341E-03 -0.6834E-01 -0.9915E-03  0.9996E-02 -0.1373E-01  0.8390E-02 -0.2923E-01
  0.1318E-02 -0.5090E-02 -0.8425E-02 -0.6400E-03 -0.1777E-01 -0.1592     -0.2251E-01  0.5875E-01  0.2488E-01  0.3307E-01
 -0.5806E-01  0.1991E-01  0.3720E-01  0.3827E-01 -0.7170E-01  0.2679E-01 -0.4241E-01 -0.3145E-02 -0.2606E-01
 with projected Emean=      -11.02256 +/-      0.01886 var=       0.169 size=       497
 
 ci coefficients are normalized
 

 ================>     calling subroutine aeq

 =======>      $sample - creating or modifying the walker sample      <=======

 changing size of sample
 sample size has been reduced by     496 to       1 walkers per node
 

 wall clock time for   sample :               0.00 s
 cpu time (master) for sample :               0.00 s



 =======>      $qmc - running a qmc calculation      <=======


             step       size              <E>                   <V>     AR 
 --------------------------------------------------------------------------
            100         1       -10.90927 +/-   0.05177     0.265   0.470
            200         1       -11.15333 +/-   0.04681     0.217   0.430
            300         1       -11.12935 +/-   0.03800     0.143   0.480

 qmc: Emean =       -11.12935 var =         0.14293

 wall clock time for   qmc :               0.04 s
 cpu time (master) for qmc :               0.04 s



 =======>      $qmc - running a qmc calculation      <=======


             step       size              <E>                   <V>     AR 
 --------------------------------------------------------------------------
            100         1       -11.01743 +/-   0.03878     0.149   0.510
            200         1       -10.92506 +/-   0.04348     0.187   0.460
            300         1       -11.09164 +/-   0.03546     0.124   0.470
            400         1       -10.59008 +/-   0.04804     0.228   0.510
            500         1       -10.98379 +/-   0.03057     0.093   0.440
            600         1       -11.01916 +/-   0.03311     0.109   0.410
            700         1       -11.02340 +/-   0.04729     0.221   0.350
            800         1       -10.83041 +/-   0.04442     0.195   0.460
            900         1       -10.90297 +/-   0.02842     0.080   0.360
           1000         1       -10.98803 +/-   0.03269     0.106   0.390
           1100         1       -11.01984 +/-   0.03860     0.148   0.740
           1200         1       -10.77385 +/-   0.05568     0.307   0.610
           1300         1       -11.04453 +/-   0.04555     0.205   0.640
           1400         1       -10.90290 +/-   0.03452     0.118   0.600
           1500         1       -11.05635 +/-   0.04805     0.229   0.560
           1600         1       -10.93135 +/-   0.03554     0.125   0.480
           1700         1       -11.13931 +/-   0.03655     0.132   0.460
           1800         1       -11.14030 +/-   0.05305     0.279   0.430
           1900         1       -11.13001 +/-   0.04064     0.163   0.410
           2000         1       -11.17612 +/-   0.05023     0.250   0.410
           2100         1       -10.93863 +/-   0.05147     0.262   0.460
           2200         1       -10.93856 +/-   0.03837     0.146   0.540
           2300         1       -11.07834 +/-   0.02139     0.045   0.540
           2400         1       -10.67712 +/-   0.05371     0.286   0.530
           2500         1       -11.00453 +/-   0.04096     0.166   0.570
           2600         1       -11.00289 +/-   0.02434     0.059   0.550
           2700         1       -11.02095 +/-   0.05334     0.282   0.520
           2800         1       -11.01480 +/-   0.02613     0.068   0.580
           2900         1       -11.06293 +/-   0.03185     0.100   0.590
           3000         1       -11.06716 +/-   0.03745     0.139   0.510
           3100         1       -10.91688 +/-   0.04183     0.173   0.450
           3200         1       -11.03724 +/-   0.04238     0.178   0.410
           3300         1       -10.93565 +/-   0.04549     0.205   0.360
           3400         1       -10.98759 +/-   0.03718     0.137   0.490
           3500         1       -10.92889 +/-   0.04391     0.191   0.330
           3600         1       -10.96714 +/-   0.03176     0.100   0.550
           3700         1       -11.05987 +/-   0.03612     0.129   0.550
           3800         1       -11.09874 +/-   0.04332     0.186   0.420
           3900         1       -10.98174 +/-   0.03259     0.105   0.560
           4000         1       -11.01446 +/-   0.03272     0.106   0.600
           4100         1       -10.99946 +/-   0.02902     0.083   0.520
           4200         1       -11.08458 +/-   0.02778     0.076   0.540
           4300         1       -10.72550 +/-   0.05047     0.252   0.470
           4400         1       -10.77633 +/-   0.05789     0.332   0.560
           4500         1       -10.93161 +/-   0.04773     0.226   0.620
           4600         1       -11.08131 +/-   0.04011     0.159   0.500
           4700         1       -11.00101 +/-   0.03263     0.105   0.430
           4800         1       -11.10330 +/-   0.04925     0.240   0.540
           4900         1       -11.16247 +/-   0.03444     0.117   0.460


  FINAL RESULT:
 total energy                 =     -10.98543 +/- 0.01737 E_h
 block average energy         =     -10.98543 E_h
 variance (of wave function)  =       0.17982 E_h^2
 N_corr (<5%)                 =      87.3
 N_corr (global)              =       8.1

 WARNING: stddev and global N_corr may be unreliable
  (block_len < 20*N_corr)

 sample accumulation: new total sample size is          500

 wall clock time for   qmc :               0.70 s
 cpu time (master) for qmc :               0.76 s



 =======>      $save_results - storing current results      <=======


 =======>      $sample - creating or modifying the walker sample      <=======

 removing outliers

  using trimmed mean (parallel version)
  parallel merge required:   1.1920929E-06  sec.
  trimmed mean =      -10.990  sigma =        0.212
      1 walkers will be deleted and not replaced
      0 processes attempted to exceed the limit of      75 deletions

  after outlier removal:
  final total walker size=     499 E_mean=      -10.97724 +/-    0.01758 var=           0.15

 wall clock time for   sample :               0.00 s
 cpu time (master) for sample :               0.00 s



 =============>    end subroutine aeq

 with Emean=      -10.97725 +/-      0.01759 var=       0.154 size=       499
 Difference to projection: Delta E=        0.04531 Delta var =      -0.015

 sample Emean and var for lowest ev:
    1      -10.98652        0.19368
    2     -240.12697   257758.91528
    3     -299.67948  4755876.92272
    4       -2.12610   153018.14300
    5       -1.93648   295437.63683
best ev   1 with E=      -10.98652 var=      0.19 d=        0.15270
cffac=        0.00500
 lambda=1.0 with cf=        0.51445
    1: lambda=      0.02 Emean =      -10.98484 var =         0.15559 cf =         0.51594
    2: lambda=      0.10 Emean =      -10.98165 var =         0.15398 cf =         0.51912
    3: lambda=      0.30 Emean =      -10.97513 var =         0.15333 cf =         0.52564
    4: lambda=      0.50 Emean =      -10.97002 var =         0.17284 cf =         0.53084
    5: lambda=      0.70 Emean =      -10.95722 var =         0.34479 cf =         0.54450
 choosing min cost function: lambda=      1.00

 final parameter set ev  1 lambda=      1.00
  new parameter vector:
 -0.8720E-01 -0.6586      0.5315     -0.7413E-01  0.6808     -0.9818     -0.8844      0.5474      0.4221E-01  0.5049E-02
  0.1845E-01 -0.3331E-02 -0.1269E-01 -0.1073E-01  0.9789E-02  0.8488E-02 -0.6005E-01 -0.1611E-01  0.3115E-01  0.1714E-01
  0.3165E-02  0.1974E-02  0.9401E-03  0.2112E-02  0.1712E-01 -0.8635E-02 -0.2770E-01 -0.1956E-01  0.4065E-02  0.4547E-01
 -0.3120E-01 -0.4305E-01 -0.1615E-01  0.1569E-03 -0.2515     -0.6402E-01 -0.9645E-01  0.4234E-01 -0.7446E-01 -0.2060    
  0.1416      0.4498E-01 -0.5519E-01  0.3139E-01 -0.1579      0.7978E-01  0.2504E-01  0.2229E-02  0.2985E-01
 with projected Emean=      -10.98618 +/-      0.01759 var=       0.194 size=       499
 
 ci coefficients are normalized
 

 wall clock time for   optimize_parameters :               3.35 s
 cpu time (master) for optimize_parameters :               3.62 s



 =======>      $sample - creating or modifying the walker sample      <=======

 changing size of sample
 sample size has been reduced by     498 to       1 walkers per node
 

 wall clock time for   sample :               0.00 s
 cpu time (master) for sample :               0.00 s



 =======>      $qmc - running a qmc calculation      <=======


   * * *  VMC calculation  * * *

    QMC parameters:

                 tau =     0.23564             adapt tau =           T
        total walker =           1          local walker =           1
               steps =         300               discard =         300
           block_len =         100          walker_block =           1
         step_stride =          10
 target accept ratio =     0.50000
               E_ref =     0.00000                  wfac =     1.00000
        E_loc_cutoff =           F                factor =     1.00000
        kill_persist =           F           max_persist =           0
        load balance =           F                branch =           F
      future walking =           F       pop ctrl = global
              Reconf =           F             RcfMethod =           1
          accumulate =           F
 
    propagator parameters:

              weight =        none                  move =     Umrigar
            moveType =         all
                 tau =     0.23564            drift_scal =     1.00000
             AR step =           T             rej_cross =           F
     expon. sampling =           T
 

             step       size              <E>                   <V>     AR 
 --------------------------------------------------------------------------
            100         1       -10.88709 +/-   0.05309     0.279   0.500
            200         1       -10.90226 +/-   0.03974     0.156   0.500
            300         1       -10.86680 +/-   0.03860     0.147   0.440

 qmc: Emean =       -10.86680 var =         0.14748

 wall clock time for   qmc :               0.04 s
 cpu time (master) for qmc :               0.04 s



 =======>      $qmc - running a qmc calculation      <=======


   * * *  VMC calculation  * * *

    QMC parameters:

                 tau =     0.23564             adapt tau =           T
        total walker =           1          local walker =           1
               steps =        4991               discard =           1
           block_len =         100          walker_block =           1
         step_stride =          10
 target accept ratio =     0.50000
               E_ref =     0.00000                  wfac =     1.00000
        E_loc_cutoff =           F                factor =     1.00000
        kill_persist =           F           max_persist =           0
        load balance =           F                branch =           F
      future walking =           F       pop ctrl = global
              Reconf =           F             RcfMethod =           1
          accumulate =           T
 
    propagator parameters:

              weight =        none                  move =     Umrigar
            moveType =         all
                 tau =     0.23564            drift_scal =     1.00000
             AR step =           T             rej_cross =           F
     expon. sampling =           T
 

             step       size              <E>                   <V>     AR 
 --------------------------------------------------------------------------
            100         1       -10.71996 +/-   0.04991     0.247   0.540
            200         1       -10.94860 +/-   0.04880     0.236   0.500
            300         1       -11.00469 +/-   0.05285     0.277   0.370
            400         1       -11.06134 +/-   0.04203     0.175   0.400
            500         1       -11.04253 +/-   0.04848     0.233   0.370
            600         1       -11.01449 +/-   0.03613     0.129   0.620
            700         1       -11.03115 +/-   0.03365     0.112   0.500
            800         1       -11.11295 +/-   0.04982     0.246   0.420
            900         1       -11.01909 +/-   0.08110     0.651   0.600
           1000         1       -11.13416 +/-   0.06878     0.468   0.630
           1100         1       -11.02009 +/-   0.04058     0.163   0.470
           1200         1       -11.05506 +/-   0.05713     0.323   0.390
           1300         1       -11.10355 +/-   0.05154     0.263   0.520
           1400         1       -10.86171 +/-   0.04473     0.198   0.500
           1500         1       -11.10028 +/-   0.05410     0.290   0.470
           1600         1       -11.04530 +/-   0.05324     0.281   0.560
           1700         1       -10.98870 +/-   0.03740     0.138   0.440
           1800         1       -10.98935 +/-   0.05715     0.323   0.580
           1900         1       -10.94020 +/-   0.03541     0.124   0.460
           2000         1       -11.00921 +/-   0.03542     0.124   0.510
           2100         1       -10.93265 +/-   0.04111     0.167   0.600
           2200         1       -10.98709 +/-   0.05399     0.289   0.500
           2300         1       -10.85084 +/-   0.04791     0.227   0.380
           2400         1       -10.93084 +/-   0.03551     0.125   0.510
           2500         1       -11.12716 +/-   0.04786     0.227   0.440
           2600         1       -11.07328 +/-   0.03906     0.151   0.430
           2700         1       -11.03090 +/-   0.05826     0.336   0.490
           2800         1       -10.88349 +/-   0.05661     0.317   0.500
           2900         1       -11.07157 +/-   0.04318     0.185   0.460
           3000         1       -10.92950 +/-   0.04214     0.176   0.500
           3100         1       -11.25483 +/-   0.05242     0.272   0.540
           3200         1       -10.98448 +/-   0.02561     0.065   0.530
           3300         1       -10.98297 +/-   0.03596     0.128   0.650
           3400         1       -11.04463 +/-   0.04266     0.180   0.610
           3500         1       -11.08172 +/-   0.04363     0.188   0.440
           3600         1       -11.03332 +/-   0.04493     0.200   0.480
           3700         1       -11.15872 +/-   0.05708     0.323   0.490
           3800         1       -11.03516 +/-   0.03348     0.111   0.530
           3900         1       -11.06213 +/-   0.08580     0.729   0.560
           4000         1       -10.94964 +/-   0.04105     0.167   0.520
           4100         1       -10.98161 +/-   0.06636     0.436   0.500
           4200         1       -10.96469 +/-   0.03393     0.114   0.400
           4300         1       -11.03393 +/-   0.04612     0.211   0.430
           4400         1       -10.85405 +/-   0.05098     0.257   0.420
           4500         1       -11.02690 +/-   0.03501     0.121   0.400
           4600         1       -10.92221 +/-   0.05675     0.319   0.490
           4700         1       -10.84598 +/-   0.07289     0.526   0.620
           4800         1       -11.19660 +/-   0.08536     0.721   0.530
           4900         1       -10.91104 +/-   0.04195     0.174   0.610


  FINAL RESULT:
 total energy                 =     -11.00703 +/- 0.01388 E_h
 block average energy         =     -11.00703 E_h
 variance (of wave function)  =       0.26317 E_h^2
 N_corr (<5%)                 =      18.6
 N_corr (global)              =       3.5

 sample accumulation: new total sample size is          500

 wall clock time for   qmc :               0.70 s
 cpu time (master) for qmc :               0.75 s



 =======>      $save_results - storing current results      <=======


 =======>      $print_results - printing stored results      <=======


table of results:

   i          E            stddev           var
 -------------------------------------------------------
    1      -10.98543        0.01737          0.180
    2      -11.00703        0.01388          0.263
-------------------------------------------------------



 wall clock time for run         :   0d 00:00:04.864
 total cpu time for run (core-h) :            0.0015
 cpu time per mpi process (h)    :            0.0015

Amolqc run finished on Thu Oct  4 18:18:26 2018  

Bye!


