

              __  __    ____    _         ____     _____   
      /\     |  \/  |  / __ \  | |       / __ \   / ____|  
     /  \    | \  / | | |  | | | |      | |  | | | |       
    / /\ \   | |\/| | | |  | | | |      | |  | | | |       
   / ____ \  | |  | | | |__| | | |____  | |__| | | |____   
  /_/    \_\ |_|  |_|  \____/  |______|  \___\_\  \_____|  


 Atoms and Molecules with Quantum Monte Carlo -- electron structure code

 initial version:
  Arne Luechow, Penn State University, 2/1996

 main author:
  Arne Luechow, RWTH Aachen University, 52056 Aachen, Germany

 with contributions from:
  Sebastian Manten, Christian Diedrich, Annika Bande, Tony C. Scott,
  Annett Schwarz, Rene Petz, Raphael Berner, Alexander Sturm,
  Marko Hermsen, Kaveh Haghighi Mood, Christoph Schulte,
  Leonard Reuter, Michael A. Heuer, Jil Ludovicy


 version:          v7.0.1-34-g22adf9-dirty
 compiler version: Intel(R) Fortran Intel(R) 64 Compiler for applications running on Intel(R) 64, Version 18.0.3.222 Build 20180410
 compiler options: -fpp -warn none -O3


 run started on tcrocks.pc.rwth-aachen.de at 2021-08-02T09:56:32.697+02:00 on    1 processor(s)
 using path: /home/terzi/dev/Amolqc
 
==============================> reading input <=================================
 
$begin_subroutine(name=aeq)
$sample(change_size,new_size=init_size,last)
$qmc(vmc,steps=300,block_len=100,accept_ratio=0.5,discard_all)
$qmc(vmc,accumulate,step_stride=10,acc_size=500,block_len=100,
accept_ratio=0.5,discard=1,move=umr)
$save_result()
$sample(remove_outliers,no_replace)
$end_subroutine()
$gen(seed=101)
$wf(read,file='../../wavefunction/C2-cas44-ECP.wf',no_cuspcor)
$ecp(grid_points=6,full_cutoff,cutoff=1.d-7)
$sample(create,start=density,generate=random,size=1)
$qmc(vmc,steps=300,block_len=100,accept_ratio=0.5,discard_all)
$change_jastrow(new_jastrow=sm3)
$qmc(vmc,steps=300,block_len=100,accept_ratio=0.5,discard_all)
$qmc(vmc,accumulate,step_stride=10,acc_size=500,block_len=100,
accept_ratio=0.5,discard=1,move=umr)
$sample(remove_outliers,no_replace)
$optimize_parameters(params=jas+mo+ci,method=lm_newton,eq_iter=2
,energy_min,eq_call=aeq,E_ref=-76.0,
nu=0.0001,delta_f_min=0.0001,max_var=10.0,
mo_update_mode=2, mo_param_mode=2
,orbital_rotation_list=
6
1 1 ! sigma close to virtual
8 7 9 14 25 29 39 53 57
1 2 ! sigma* close to virtual
8 8 15 18 26 30 48 54 58
1 3 ! px active to virtual
5 10 19 27 37 50
1 4 ! py active to virtual
5 11 20 28 38 49
1 5 ! py*
5 12 23 31 44 56
1 6 ! px*
5 13 24 32 45 55
)
$sample(change_size,new_size=1,last)
$qmc(vmc,steps=300,block_len=100,accept_ratio=0.5,discard_all)
$qmc(vmc,accumulate,step_stride=10,acc_size=500,block_len=100,
accept_ratio=0.5,discard=1,move=umr)
$save_result()
$print_results()
 
==========> $gen - initializing RNG and setting general parameters <============
 
 seed =    101     verbose level = 2
 
===========================> $wf - wave function <==============================
 
 wave function settings:
    with BLAS/LAPACK      
    splines for contracted GTOs (no cusp correction!)

 using sequential AO and MO mode 
 
 using the standard determinant update algorithm
 
 wave function ../../wavefunction/C2-cas44-ECP.wf with: 
           title =No
           basis =     BFD-VTZ       MO format =         gms         jastrow =   sm3      
          charge =     0                  spin =     1                 coord =  angstrom  
  atomic_charges =      F      same_atoms =      F    no_H_jastrow =      F
 
  geometry (in angstrom):
C    0.00000   0.00000  -0.62128
C    0.00000   0.00000   0.62128
 
  splining GTOs with         4000  points
 

 basis set:
 basis name: BFD-VTZ.abs
 different basis functions  =   18
 individual basis functions =   68

 spline_points =  4000
 basis read ...

  ECPs read from ECP library ...

           effective core potentials:
   atom   1: C 
 # core electrons =  2  l_core+1 = 1
   V_l = sum_k   a_lk * r^(n_lk - 2) * exp(-b_lk*r^2)
   l      a_lk      n_lk       b_lk
    1    4.000000    1    8.359738    
    1    33.43895    3    4.483619    
    1   -19.17537    2    3.938313    
    0    22.55164    2    5.029916    
   atom   2: C 
 # core electrons =  2  l_core+1 = 1
   V_l = sum_k   a_lk * r^(n_lk - 2) * exp(-b_lk*r^2)
   l      a_lk      n_lk       b_lk
    1    4.000000    1    8.359738    
    1    33.43895    3    4.483619    
    1   -19.17537    2    3.938313    
    0    22.55164    2    5.029916    

 calculation with    8 electrons
   4 alpha and    4 beta

 Jastrow factor of type sm3 read with:
    9 generic Schmidt-Moskowitz terms of type sm3
  Jastrow factor read ...
 
 AO/MO evaluation carried out using aocalc and mocalc.
 
  MOs read ...
 
    NCSFs =        6 Ndets =       16
    6 unique alpha and    6 unique beta determinants
                          are going to be calculated.
 
  CSFs read ...
 
=================> $ecp - effective core potential settings <===================
 
 ecp parameters: full_localisation random_rotation full_cutoff

 cutoff threshold =         0.10000E-06

 pseudo atoms:
 idx  atom  grid points  cutoff distances (A) 
-------------------------------------------- 
   1    C          6         1.15426
   2    C          6         1.15426
 
 
============> $sample - creating or modifying the walker sample <===============
 
 creating new sample

 created initial random sample using atom densities
 sample size (all nodes):            1
 <E>_allnodes =     -14.4951 +/-       0.0000 V_allnodes =       0.0000
 

 wall clock time for   sample :               0.00 s
 cpu time (master) for sample :               0.00 s


 
=====================> $qmc - running a qmc calculation <=======================
 

   * * *  VMC calculation  * * *

    QMC parameters:

                 tau =     0.03466             adapt tau =           T
        total walker =           1          local walker =           1
               steps =         300               discard =         300
           block_len =         100          walker_block =           1
         step_stride =          10
 target accept ratio =     0.50000
               E_ref =     0.00000                  wfac =     1.00000
        E_loc_cutoff =           F                factor =     1.00000
        kill_persist =           F           max_persist =           0
        load balance =           F                branch =           F
      future walking =           F       pop ctrl = global
              Reconf =           F             RcfMethod =           1
          accumulate =           F
 
    propagator parameters:

              weight =        none                  move =     Umrigar
            moveType =         all
                 tau =     0.03466            drift_scal =     1.00000
             AR step =           T             rej_cross =           F
     expon. sampling =           T
 

             step       size              <E>                   <V>     AR 
 --------------------------------------------------------------------------
            100         1       -10.89557 +/-   0.03589     0.127   0.950
            200         1       -10.98961 +/-   0.03031     0.091   0.800
            300         1       -11.11425 +/-   0.02769     0.076   0.900

 qmc: Emean =       -11.11425 var =         0.07591

 wall clock time for   qmc :               0.06 s
 cpu time (master) for qmc :               0.06 s


 
=================> $change_jastrow - changing Jastrow terms <===================
 
 changing Jastrow type from sm3 to sm3

    9 generic Schmidt-Moskowitz terms of type sm3
 
=====================> $qmc - running a qmc calculation <=======================
 

   * * *  VMC calculation  * * *

    QMC parameters:

                 tau =     0.03466             adapt tau =           T
        total walker =           1          local walker =           1
               steps =         300               discard =         300
           block_len =         100          walker_block =           1
         step_stride =          10
 target accept ratio =     0.50000
               E_ref =     0.00000                  wfac =     1.00000
        E_loc_cutoff =           F                factor =     1.00000
        kill_persist =           F           max_persist =           0
        load balance =           F                branch =           F
      future walking =           F       pop ctrl = global
              Reconf =           F             RcfMethod =           1
          accumulate =           F
 
    propagator parameters:

              weight =        none                  move =     Umrigar
            moveType =         all
                 tau =     0.03466            drift_scal =     1.00000
             AR step =           T             rej_cross =           F
     expon. sampling =           T
 

             step       size              <E>                   <V>     AR 
 --------------------------------------------------------------------------
            100         1       -10.78655 +/-   0.03022     0.090   0.920
            200         1       -10.96370 +/-   0.03618     0.130   0.930
            300         1       -11.33439 +/-   0.03196     0.101   0.890

 qmc: Emean =       -11.33439 var =         0.10113

 wall clock time for   qmc :               0.03 s
 cpu time (master) for qmc :               0.03 s


 
=====================> $qmc - running a qmc calculation <=======================
 

   * * *  VMC calculation  * * *

    QMC parameters:

                 tau =     0.03466             adapt tau =           T
        total walker =           1          local walker =           1
               steps =        4991               discard =           1
           block_len =         100          walker_block =           1
         step_stride =          10
 target accept ratio =     0.50000
               E_ref =     0.00000                  wfac =     1.00000
        E_loc_cutoff =           F                factor =     1.00000
        kill_persist =           F           max_persist =           0
        load balance =           F                branch =           F
      future walking =           F       pop ctrl = global
              Reconf =           F             RcfMethod =           1
          accumulate =           T
 
    propagator parameters:

              weight =        none                  move =     Umrigar
            moveType =         all
                 tau =     0.03466            drift_scal =     1.00000
             AR step =           T             rej_cross =           F
     expon. sampling =           T
 

             step       size              <E>                   <V>     AR 
 --------------------------------------------------------------------------
            100         1       -11.12576 +/-   0.02033     0.041   0.940
            200         1       -10.96514 +/-   0.04646     0.214   0.920
            300         1       -10.95422 +/-   0.03594     0.128   0.950
            400         1       -10.96246 +/-   0.04059     0.163   0.940
            500         1       -11.21998 +/-   0.04933     0.241   0.990
            600         1       -10.99390 +/-   0.04266     0.180   0.250
            700         1       -11.08576 +/-   0.03403     0.115   0.160
            800         1       -11.12266 +/-   0.04405     0.192   0.220
            900         1       -10.96133 +/-   0.03333     0.110   0.190
           1000         1       -10.99779 +/-   0.06428     0.409   0.250
           1100         1       -10.83986 +/-   0.04446     0.196   0.480
           1200         1       -10.92038 +/-   0.03572     0.126   0.590
           1300         1       -10.97494 +/-   0.03788     0.142   0.490
           1400         1       -11.04561 +/-   0.06139     0.373   0.540
           1500         1       -10.96309 +/-   0.03592     0.128   0.580
           1600         1       -10.94890 +/-   0.05096     0.257   0.570
           1700         1       -10.94090 +/-   0.03487     0.120   0.510
           1800         1       -11.03147 +/-   0.05902     0.345   0.550
           1900         1       -10.98384 +/-   0.03139     0.098   0.520
           2000         1       -11.12187 +/-   0.02176     0.047   0.460
           2100         1       -10.81745 +/-   0.03782     0.142   0.420
           2200         1       -11.19331 +/-   0.05257     0.274   0.390
           2300         1       -10.98897 +/-   0.03578     0.127   0.470
           2400         1       -11.00775 +/-   0.03723     0.137   0.460
           2500         1       -11.08677 +/-   0.06351     0.399   0.490
           2600         1       -10.97807 +/-   0.03885     0.149   0.570
           2700         1       -10.96695 +/-   0.02315     0.053   0.570
           2800         1       -11.13467 +/-   0.05634     0.314   0.420
           2900         1       -11.17397 +/-   0.02928     0.085   0.450
           3000         1       -11.09949 +/-   0.03155     0.099   0.580
           3100         1       -10.94321 +/-   0.02742     0.074   0.550
           3200         1       -10.99472 +/-   0.04856     0.233   0.640
           3300         1       -10.97056 +/-   0.04702     0.219   0.450
           3400         1       -10.96351 +/-   0.03878     0.149   0.460
           3500         1       -11.01021 +/-   0.02764     0.076   0.520
           3600         1       -11.27728 +/-   0.06695     0.444   0.440
           3700         1       -10.92052 +/-   0.04493     0.200   0.520
           3800         1       -11.02480 +/-   0.04123     0.168   0.460
           3900         1       -11.04482 +/-   0.03985     0.157   0.410
           4000         1       -10.99253 +/-   0.03874     0.149   0.470
           4100         1       -10.81069 +/-   0.04165     0.172   0.560
           4200         1       -10.99165 +/-   0.04260     0.180   0.540
           4300         1       -10.92347 +/-   0.03189     0.101   0.450
           4400         1       -10.88917 +/-   0.05890     0.343   0.560
           4500         1       -10.96073 +/-   0.02739     0.074   0.480
           4600         1       -10.93978 +/-   0.03309     0.108   0.530
           4700         1       -10.94988 +/-   0.02723     0.073   0.400
           4800         1       -11.10617 +/-   0.03191     0.101   0.430
           4900         1       -11.03875 +/-   0.04733     0.222   0.470


  FINAL RESULT:
 total energy (mean E_loc)    =     -11.00734 +/- 0.01387 E_h
 kinetic energy               =       7.16192 +/- 0.15247 E_h
 e-n potential energy         =     -37.04252 +/- 0.22642 E_h
 e-e potential energy         =      12.05923 +/- 0.10073 E_h
 n-n potential energy         =       6.81403 E_h
 variance (of E_loc)          =       0.18568 +/- 0.01422 E_h^2
 block average variance       =       0.17645 E_h^2
 N_corr (<5%)                 =     276.5
 N_corr (global)              =       5.0

  FLYVBJERG-PETERSEN: 
 variance                     =       0.18339 E_h^2
 error                        =       0.01363 E_h
 block length                 =      32
 n_corr                       =       5.06

 log2(blen)   error estimate   errors error
          0        0.0060623      0.0001214
          1        0.0077196      0.0002186
          2        0.0095829      0.0003839
          3        0.0111599      0.0006328
          4        0.0128015      0.0010282
          5        0.0135283      0.0015417
          6        0.0139170      0.0022576
          7        0.0134482      0.0031266
          8        0.0124675      0.0041558
          9        0.0156743      0.0078371
         10        0.0172923      0.0141191
         11        0.0100122      0.0141594

 sample accumulation: new total sample size is          500

 wall clock time for   qmc :               0.59 s
 cpu time (master) for qmc :               0.59 s


 
============> $sample - creating or modifying the walker sample <===============
 
 removing outliers

  using trimmed mean (parallel version)
  parallel merge required:   1.0132790E-06  sec.
  trimmed mean =      -11.009  sigma =        0.198
      3 walkers will be deleted and not replaced
      0 processes attempted to exceed the limit of      75 deletions

  after outlier removal:
  final total walker size=     497 E_mean=      -11.00322 +/-    0.01882 var=           0.18

 wall clock time for   sample :               0.00 s
 cpu time (master) for sample :               0.00 s


 
========> $optimize_parameters - optimizing wave function parameters <==========
 
 initializing jastrow parameters with np=           8  ne=            8
 initializing ci parameters with np=           5

 orbital rotation settings:
    mo_update_mode  2 mo_param_mode=  2

 reading   6 classes of orbital rotations
 initializing orbital rotation parameters with np=          36
 params = jas+mo+ci    method = lm_newton    param mode=  1

   - -  energy minimization using Newton-Raphson: initialization  - -

 parameters:  nrmethod =   3   gradient mode =   1
  starting wf parameter optimization with optType=jas+mo+ci
 with Emean=      -11.00338 +/-      0.01886 var=       0.177 size=       497
 Difference to projection: Delta E=      -11.00338 Delta var =       0.177
  -> Hessian not positive definite!

 find Newton step:
  1:  nu =        0.000100 Hessian not positive definite
  2:  nu =        0.000400 Hessian not positive definite
  3:  nu =        0.001600 Hessian not positive definite
  4:  nu =        0.006400 Hessian not positive definite
  5:  nu =        0.025600 Hessian not positive definite
  6:  nu =        0.102400 Hessian positive definite

 gradient with abs mean =   0.4638E-01 and abs max =  0.2291    
 -0.1783E-01 -0.1838E-01 -0.1665E-01 -0.3353E-01 -0.4059E-01 -0.4144E-01 -0.1217E-01 -0.3244E-01 -0.8368E-01 -0.1725E-01
 -0.3037E-01  0.8180E-01  0.4115E-01 -0.7047E-01 -0.1733      0.1737E-01  0.3145E-01  0.1317     -0.1355     -0.2291    
 -0.8341E-01 -0.2217E-01  0.2014E-01 -0.2612E-01  0.2316E-02 -0.7183E-01 -0.1115E-01  0.1725     -0.7137E-01 -0.5109E-01
  0.5473E-02  0.6806E-02  0.7260E-01 -0.4526E-01  0.8730E-02  0.2394E-02  0.3790E-03 -0.1353E-01 -0.1344E-01  0.2824E-02
  0.2703E-02 -0.6921E-03 -0.2013E-01 -0.6599E-02 -0.8974E-01  0.9704E-01 -0.3483E-01  0.6027E-01 -0.7651E-03
 
  norm(delta_p)=  0.645895957372708     
  mean abs(delta_p_i)=  7.127141867344242E-002
  delta_q = -7.634147190139701E-002
 
  new parameter vector:
 -0.3123      0.3775     -0.3374     -0.1761      0.5389     -0.8495     -0.6630      0.4579      0.4723E-01 -0.1096E-01
  0.8695E-01  0.2533E-01 -0.3813E-01 -0.2126E-01  0.4746E-01  0.4950E-01  0.7749E-01  0.3728E-01  0.1724      0.9362E-01
 -0.6762E-01  0.6987E-03 -0.4330E-01  0.3118E-02  0.1983      0.4861E-01 -0.7108E-01 -0.3456E-01  0.1849E-01  0.2061    
  0.3809E-01 -0.7041E-01 -0.2568E-01  0.2582E-01 -0.1413     -0.1046      0.1345     -0.4169E-01  0.8975E-03 -0.1026    
  0.5968E-01  0.7119E-01 -0.1085E-02 -0.1634      0.8190E-01 -0.9839E-01  0.3039E-01  0.1547E-02 -0.8458E-02

 projected Emean =      -11.29002 var =         2.32830

 r =         3.75477   delta_f =        -0.28664  e0 =       -11.00338
 -> decreasing nu to        0.051200

 
 ci coefficients are normalized
 

 ================>     calling subroutine aeq

 =======>      $sample - creating or modifying the walker sample      <=======

 changing size of sample
 sample size has been reduced by     496 to       1 walkers per node
 

 wall clock time for   sample :               0.00 s
 cpu time (master) for sample :               0.00 s



 =======>      $qmc - running a qmc calculation      <=======


             step       size              <E>                   <V>     AR 
 --------------------------------------------------------------------------
            100         1       -11.03278 +/-   0.05144     0.262   0.520
            200         1       -10.80925 +/-   0.08709     0.751   0.440
            300         1       -10.58235 +/-   0.08550     0.724   0.420

 qmc: Emean =       -10.58235 var =         0.72377

 wall clock time for   qmc :               0.03 s
 cpu time (master) for qmc :               0.03 s



 =======>      $qmc - running a qmc calculation      <=======


             step       size              <E>                   <V>     AR 
 --------------------------------------------------------------------------
            100         1       -10.72178 +/-   0.10451     1.081   0.390
            200         1       -10.81080 +/-   0.07632     0.577   0.420
            300         1       -10.94942 +/-   0.06215     0.382   0.530
            400         1       -11.30363 +/-   0.08627     0.737   0.280
            500         1       -10.83181 +/-   0.06387     0.404   0.540
            600         1       -11.15347 +/-   0.13543     1.816   0.450
            700         1       -10.78967 +/-   0.09772     0.945   0.640
            800         1       -10.59078 +/-   0.05571     0.307   0.470
            900         1       -10.77692 +/-   0.05185     0.266   0.500
           1000         1       -11.12291 +/-   0.09238     0.845   0.500
           1100         1       -10.83347 +/-   0.05493     0.299   0.570
           1200         1       -10.90949 +/-   0.07278     0.524   0.590
           1300         1       -10.89424 +/-   0.08968     0.796   0.490
           1400         1       -10.90202 +/-   0.12483     1.543   0.480
           1500         1       -10.69612 +/-   0.06401     0.406   0.420
           1600         1       -11.02772 +/-   0.07539     0.563   0.580
           1700         1       -10.89175 +/-   0.05013     0.249   0.450
           1800         1       -11.02487 +/-   0.05321     0.280   0.500
           1900         1       -11.02609 +/-   0.09872     0.965   0.470
           2000         1       -10.31910 +/-   0.08896     0.783   0.400
           2100         1       -11.07226 +/-   0.05731     0.325   0.540
           2200         1       -10.97455 +/-   0.08719     0.753   0.630
           2300         1       -11.04605 +/-   0.06590     0.430   0.570
           2400         1       -10.58014 +/-   0.08743     0.757   0.460
           2500         1       -10.01047 +/-   0.16773     2.785   0.470
           2600         1       -10.66736 +/-   0.11197     1.241   0.420
           2700         1       -10.71064 +/-   0.04450     0.196   0.540
           2800         1       -10.77466 +/-   0.06924     0.475   0.530
           2900         1       -11.05858 +/-   0.07986     0.631   0.490
           3000         1       -10.79064 +/-   0.10049     1.000   0.450
           3100         1       -10.96017 +/-   0.08966     0.796   0.490
           3200         1       -10.97546 +/-   0.05635     0.314   0.540
           3300         1       -10.99675 +/-   0.09533     0.900   0.510
           3400         1       -10.80867 +/-   0.05369     0.285   0.390
           3500         1       -10.66159 +/-   0.05795     0.332   0.570
           3600         1       -10.80240 +/-   0.06647     0.437   0.480
           3700         1       -10.80132 +/-   0.08054     0.642   0.640
           3800         1       -11.19803 +/-   0.07986     0.631   0.410
           3900         1       -10.98963 +/-   0.05725     0.324   0.600
           4000         1       -11.50793 +/-   0.12343     1.508   0.560
           4100         1       -11.02529 +/-   0.08860     0.777   0.540
           4200         1       -10.81123 +/-   0.07383     0.540   0.530
           4300         1       -10.79071 +/-   0.07801     0.602   0.510
           4400         1       -10.59713 +/-   0.12809     1.624   0.550
           4500         1       -10.92649 +/-   0.07231     0.518   0.660
           4600         1       -11.04744 +/-   0.10210     1.032   0.550
           4700         1       -10.70140 +/-   0.07944     0.625   0.600
           4800         1       -10.45649 +/-   0.08442     0.706   0.570
           4900         1       -10.75296 +/-   0.07642     0.578   0.550


  FINAL RESULT:
 total energy (mean E_loc)    =     -10.85862 +/- 0.03490 E_h
 kinetic energy               =       8.19673 +/- 0.18777 E_h
 e-n potential energy         =     -38.08014 +/- 0.24436 E_h
 e-e potential energy         =      12.21076 +/- 0.08501 E_h
 n-n potential energy         =       6.81403 E_h
 variance (of E_loc)          =       0.78363 +/- 0.06887 E_h^2
 block average variance       =       0.72518 E_h^2
 tau (adapted)                =        0.1930 fixed at step         3500
 N_corr (<5%)                 =      23.7
 N_corr (global)              =       7.5

  FLYVBJERG-PETERSEN: 
 variance                     =       0.79566 E_h^2
 error                        =       0.02538 E_h
 block length                 =       8
 n_corr                       =       4.04

 log2(blen)   error estimate   errors error
          0        0.0126274      0.0002528
          1        0.0159975      0.0004530
          2        0.0199729      0.0008002
          3        0.0237111      0.0013445
          4        0.0258582      0.0020770
          5        0.0265668      0.0030276
          6        0.0300339      0.0048721
          7        0.0343772      0.0079925
          8        0.0438661      0.0146220
          9        0.0374238      0.0187119
         10        0.0437227      0.0356994
         11        0.0063845      0.0090290

 WARNING: stddev and global N_corr may be unreliable
  (block_len < 20*N_corr)

 sample accumulation: new total sample size is          500

 wall clock time for   qmc :               0.60 s
 cpu time (master) for qmc :               0.60 s



 =======>      $save_results - storing current results      <=======


 =======>      $sample - creating or modifying the walker sample      <=======

 removing outliers

  using trimmed mean (parallel version)
  parallel merge required:   9.5367432E-07  sec.
  trimmed mean =      -10.825  sigma =        0.391
      2 walkers will be deleted and not replaced
      0 processes attempted to exceed the limit of      75 deletions

  after outlier removal:
  final total walker size=     498 E_mean=      -10.82715 +/-    0.03658 var=           0.66

 wall clock time for   sample :               0.00 s
 cpu time (master) for sample :               0.00 s



 =============>    end subroutine aeq

 with Emean=      -10.82720 +/-      0.03654 var=       0.665 size=       498
 Difference to projection: Delta E=        0.46282 Delta var =      -1.663
  -> Hessian not positive definite!

 find Newton step:
  1:  nu =        0.051200 Hessian not positive definite
  2:  nu =        0.204800 Hessian not positive definite
  3:  nu =        0.819200 Hessian not positive definite
  4:  nu =        3.276800 Hessian positive definite

 gradient with abs mean =   0.1868     and abs max =  0.9997    
 -0.1539     -0.1585     -0.1489     -0.2865     -0.3042     -0.2872     -0.1054     -0.4091      0.1200     -0.7693E-01
 -0.1850     -0.2205E-01  0.7213E-01  0.2040      0.2352      0.6450     -0.1085      0.2448E-01  0.2775      0.5506    
  0.3261E-01 -0.1129     -0.9997     -0.3239      0.4258E-01  0.9453E-01 -0.1095     -0.2150      0.4136      0.2095    
  0.2487E-01 -0.1230     -0.9034E-01  0.3470      0.4478E-01 -0.1299E-01 -0.3313E-01 -0.2653E-01  0.3697E-01  0.1041E-01
  0.7045E-03 -0.1124E-01 -0.2057E-01 -0.5756E-03  0.3798     -0.3964      0.1103     -0.4401     -0.1157    
 
  norm(delta_p)=  0.190853489067893     
  mean abs(delta_p_i)=  1.788924922220976E-002
  delta_q = -0.168660353345122     
 
  new parameter vector:
 -0.3064      0.3848     -0.3290     -0.1984      0.5273     -0.8531     -0.6773      0.4639     -0.6375E-02 -0.1063E-01
  0.1561      0.1409E-01 -0.4263E-01 -0.2772E-01  0.3147E-01  0.2869E-01  0.1127      0.6406E-01  0.1304      0.2850E-01
 -0.8218E-01  0.2523E-02  0.1060E-01  0.1012E-01  0.2373      0.3507E-01 -0.8364E-01 -0.2410E-01  0.1175E-01  0.2075    
  0.4470E-01 -0.8875E-01 -0.2523E-01  0.8230E-02 -0.1493     -0.1030      0.1408     -0.3262E-01  0.3428E-03 -0.1049    
  0.6047E-01  0.7461E-01  0.3541E-02 -0.1673      0.1529E-01 -0.1748E-01  0.8528E-02  0.2500E-01 -0.1179E-01

 projected Emean =      -10.99906 var =         1.63433

 r =         1.01897   delta_f =        -0.17186  e0 =       -10.82720
 -> decreasing nu to        1.638400

 
 ci coefficients are normalized
 

 wall clock time for   optimize_parameters :               1.97 s
 cpu time (master) for optimize_parameters :               1.97 s


 
============> $sample - creating or modifying the walker sample <===============
 
 changing size of sample
 sample size has been reduced by     497 to       1 walkers per node
 

 wall clock time for   sample :               0.00 s
 cpu time (master) for sample :               0.00 s


 
=====================> $qmc - running a qmc calculation <=======================
 

   * * *  VMC calculation  * * *

    QMC parameters:

                 tau =     0.19299             adapt tau =           T
        total walker =           1          local walker =           1
               steps =         300               discard =         300
           block_len =         100          walker_block =           1
         step_stride =          10
 target accept ratio =     0.50000
               E_ref =     0.00000                  wfac =     1.00000
        E_loc_cutoff =           F                factor =     1.00000
        kill_persist =           F           max_persist =           0
        load balance =           F                branch =           F
      future walking =           F       pop ctrl = global
              Reconf =           F             RcfMethod =           1
          accumulate =           F
 
    propagator parameters:

              weight =        none                  move =     Umrigar
            moveType =         all
                 tau =     0.19299            drift_scal =     1.00000
             AR step =           T             rej_cross =           F
     expon. sampling =           T
 

             step       size              <E>                   <V>     AR 
 --------------------------------------------------------------------------
            100         1       -10.79182 +/-   0.09348     0.865   0.600
            200         1       -11.03787 +/-   0.03752     0.139   0.580
            300         1       -11.06155 +/-   0.03691     0.135   0.540

 qmc: Emean =       -11.06155 var =         0.13489

 wall clock time for   qmc :               0.03 s
 cpu time (master) for qmc :               0.03 s


 
=====================> $qmc - running a qmc calculation <=======================
 

   * * *  VMC calculation  * * *

    QMC parameters:

                 tau =     0.19299             adapt tau =           T
        total walker =           1          local walker =           1
               steps =        4991               discard =           1
           block_len =         100          walker_block =           1
         step_stride =          10
 target accept ratio =     0.50000
               E_ref =     0.00000                  wfac =     1.00000
        E_loc_cutoff =           F                factor =     1.00000
        kill_persist =           F           max_persist =           0
        load balance =           F                branch =           F
      future walking =           F       pop ctrl = global
              Reconf =           F             RcfMethod =           1
          accumulate =           T
 
    propagator parameters:

              weight =        none                  move =     Umrigar
            moveType =         all
                 tau =     0.19299            drift_scal =     1.00000
             AR step =           T             rej_cross =           F
     expon. sampling =           T
 

             step       size              <E>                   <V>     AR 
 --------------------------------------------------------------------------
            100         1       -11.11079 +/-   0.05851     0.339   0.460
            200         1       -11.03259 +/-   0.04220     0.176   0.530
            300         1       -10.95766 +/-   0.05232     0.271   0.700
            400         1       -10.94620 +/-   0.04147     0.170   0.650
            500         1       -10.96140 +/-   0.04083     0.165   0.630
            600         1       -10.94687 +/-   0.04308     0.184   0.390
            700         1       -10.97409 +/-   0.04575     0.207   0.360
            800         1       -10.93549 +/-   0.05242     0.272   0.440
            900         1       -10.87292 +/-   0.04470     0.198   0.410
           1000         1       -11.04652 +/-   0.04135     0.169   0.530
           1100         1       -10.93922 +/-   0.03210     0.102   0.540
           1200         1       -10.89355 +/-   0.04424     0.194   0.530
           1300         1       -11.02030 +/-   0.04409     0.192   0.510
           1400         1       -10.95328 +/-   0.03704     0.136   0.570
           1500         1       -10.89953 +/-   0.05301     0.278   0.530
           1600         1       -10.99295 +/-   0.06486     0.417   0.420
           1700         1       -11.07114 +/-   0.03216     0.102   0.360
           1800         1       -11.02169 +/-   0.03162     0.099   0.450
           1900         1       -10.96180 +/-   0.04993     0.247   0.490
           2000         1       -11.01690 +/-   0.06173     0.377   0.440
           2100         1       -10.89625 +/-   0.05047     0.252   0.590
           2200         1       -10.90024 +/-   0.03389     0.114   0.660
           2300         1       -10.70479 +/-   0.03854     0.147   0.480
           2400         1       -11.02218 +/-   0.04831     0.231   0.530
           2500         1       -10.95538 +/-   0.04142     0.170   0.560
           2600         1       -10.99895 +/-   0.04611     0.210   0.520
           2700         1       -10.95194 +/-   0.04836     0.232   0.380
           2800         1       -10.96306 +/-   0.04839     0.232   0.420
           2900         1       -10.83420 +/-   0.05794     0.332   0.450
           3000         1       -11.10074 +/-   0.07878     0.614   0.420
           3100         1       -10.95180 +/-   0.05878     0.342   0.520
           3200         1       -11.19467 +/-   0.04833     0.231   0.560
           3300         1       -10.87092 +/-   0.08628     0.737   0.530
           3400         1       -11.17939 +/-   0.06900     0.471   0.440
           3500         1       -10.84248 +/-   0.07264     0.522   0.500
           3600         1       -10.85718 +/-   0.04686     0.217   0.550
           3700         1       -10.88463 +/-   0.08349     0.690   0.550
           3800         1       -10.66798 +/-   0.05837     0.337   0.500
           3900         1       -11.03241 +/-   0.04808     0.229   0.580
           4000         1       -11.14414 +/-   0.04135     0.169   0.330
           4100         1       -11.05263 +/-   0.04148     0.170   0.510
           4200         1       -10.96259 +/-   0.04244     0.178   0.520
           4300         1       -10.60380 +/-   0.04460     0.197   0.470
           4400         1       -10.97096 +/-   0.03738     0.138   0.490
           4500         1       -10.92792 +/-   0.03461     0.119   0.620
           4600         1       -10.71893 +/-   0.07771     0.598   0.450
           4700         1       -10.92377 +/-   0.04365     0.189   0.550
           4800         1       -10.91797 +/-   0.03420     0.116   0.510
           4900         1       -11.06930 +/-   0.04709     0.220   0.410


  FINAL RESULT:
 total energy                 =     -10.95217 +/- 0.01679 E_h
 kinetic energy               =       7.27165 +/- 0.14627 E_h
 e-n potential energy         =     -37.20967 +/- 0.19103 E_h
 e-e potential energy         =      12.17183 +/- 0.07096 E_h
 n-n potential energy         =       6.81403 E_h
 variance (of E_loc)          =       0.27275 +/- 0.02176 E_h^2
 block average variance       =       0.25921 E_h^2
 tau (adapted)                =        0.2015 fixed at step         4000
 N_corr (<5%)                 =       8.9
 N_corr (global)              =       5.0

  FLYVBJERG-PETERSEN: 
 variance                     =       0.27056 E_h^2
 error                        =       0.01564 E_h
 block length                 =      32
 n_corr                       =       4.51

 log2(blen)   error estimate   errors error
          0        0.0073634      0.0001474
          1        0.0093176      0.0002639
          2        0.0112824      0.0004520
          3        0.0134214      0.0007611
          4        0.0151640      0.0012180
          5        0.0156437      0.0017828
          6        0.0168789      0.0027381
          7        0.0175486      0.0040800
          8        0.0192328      0.0064109
          9        0.0193756      0.0096878
         10        0.0121353      0.0099085
         11        0.0143666      0.0203174

 sample accumulation: new total sample size is          500

 wall clock time for   qmc :               0.60 s
 cpu time (master) for qmc :               0.60 s


 
==================> $save_result - storing current results <====================
 
 
=================> $print_results - printing stored results <===================
 

table of results:

    i         energy          error       variance       varError  
-------------------------------------------------------------------
    1      -10.85862        0.03490         0.7836         0.0689
    2      -10.95217        0.01679         0.2728         0.0218
-------------------------------------------------------------------



 wall clock time for run         :   0d 00:00:03.370
 total cpu time for run (core-h) :            0.0009
 cpu time per mpi process (h)    :            0.0009

Amolqc run finished on 2021-08-02T09:56:36.068+02

Bye!


